// Jest Snapshot v1, https://goo.gl/fbAQLP

exports[`ActionBar renders correctly 1`] = `
<div
  class="MuiGrid-root MuiGrid-container MuiGrid-align-items-xs-center MuiGrid-justify-xs-space-between"
>
  <div
    class="MuiGrid-root MuiGrid-item"
  />
  <div
    class="MuiGrid-root MuiGrid-item"
  >
    <button
      class="MuiButtonBase-root MuiButton-root MuiButton-text MuiButton-textPrimary"
      tabindex="0"
      type="submit"
    >
      <span
        class="MuiButton-label"
      >
        Finish
      </span>
      <span
        class="MuiTouchRipple-root"
      />
    </button>
  </div>
</div>
`;
